signature="v40@0:8*16Q24^v32"
number of types = 6
metaabi param type = struct {...} *
metaabi return type = void
#0 = v40
#1 = @0
#2 = :8
#3 = *16
#4 = Q24
#5 = ^v32

#0 = v40
#1 = @0
#2 = :8
#3 = *16
#4 = Q24
#5 = ^v32

signature="v40@0:8*16Q24^v32"
number of types = 6
#0 type                = v40@0:8*16Q24^v32
#0 pure_type_end       = 40@0:8*16Q24^v32
#0 name                = NULL
#0 n_members           = 0
#0 has_object          = 0
#0 has_retainable_type = 0
#1 type                = @0:8*16Q24^v32
#1 pure_type_end       = 0:8*16Q24^v32
#1 name                = NULL
#1 n_members           = 0
#1 has_object          = 1
#1 has_retainable_type = 1
#2 type                = :8*16Q24^v32
#2 pure_type_end       = 8*16Q24^v32
#2 name                = NULL
#2 n_members           = 0
#2 has_object          = 0
#2 has_retainable_type = 0
#3 type                = *16Q24^v32
#3 pure_type_end       = 16Q24^v32
#3 name                = NULL
#3 n_members           = 0
#3 has_object          = 0
#3 has_retainable_type = 1
#4 type                = Q24^v32
#4 pure_type_end       = 24^v32
#4 name                = NULL
#4 n_members           = 0
#4 has_object          = 0
#4 has_retainable_type = 0
#5 type                = ^v32
#5 pure_type_end       = 32
#5 name                = NULL
#5 n_members           = 0
#5 has_object          = 0
#5 has_retainable_type = 0

#0: type               = v40@0:8*16Q24^v32
#1: type               = @0:8*16Q24^v32
#2: type               = :8*16Q24^v32
#3: type               = *16Q24^v32
#4: type               = Q24^v32
#5: type               = ^v32

signature="#16@0:8"
number of types = 3
metaabi param type = void
metaabi return type = void *
#0 = #16
#1 = @0
#2 = :8

#0 = #16
#1 = @0
#2 = :8

signature="#16@0:8"
number of types = 3
#0 type                = #16@0:8
#0 pure_type_end       = 16@0:8
#0 name                = NULL
#0 n_members           = 0
#0 has_object          = 1
#0 has_retainable_type = 0
#1 type                = @0:8
#1 pure_type_end       = 0:8
#1 name                = NULL
#1 n_members           = 0
#1 has_object          = 1
#1 has_retainable_type = 1
#2 type                = :8
#2 pure_type_end       = 8
#2 name                = NULL
#2 n_members           = 0
#2 has_object          = 0
#2 has_retainable_type = 0

#0: type               = #16@0:8
#1: type               = @0:8
#2: type               = :8

signature="@24@0:8@"NSData"16"
number of types = 4
metaabi param type = void *
metaabi return type = void *
#0 = @24
#1 = @0
#2 = :8
#3 = @"NSData"16

#0 = @24
#1 = @0
#2 = :8
#3 = @"NSData"16

signature="@24@0:8@"NSData"16"
number of types = 4
#0 type                = @24@0:8@"NSData"16
#0 pure_type_end       = 24@0:8@"NSData"16
#0 name                = NULL
#0 n_members           = 0
#0 has_object          = 1
#0 has_retainable_type = 1
#1 type                = @0:8@"NSData"16
#1 pure_type_end       = 0:8@"NSData"16
#1 name                = NULL
#1 n_members           = 0
#1 has_object          = 1
#1 has_retainable_type = 1
#2 type                = :8@"NSData"16
#2 pure_type_end       = 8@"NSData"16
#2 name                = NULL
#2 n_members           = 0
#2 has_object          = 0
#2 has_retainable_type = 0
#3 type                = @"NSData"16
#3 pure_type_end       = "NSData"16
#3 name                = "NSData"16
#3 n_members           = 0
#3 has_object          = 1
#3 has_retainable_type = 1

#0: type               = @24@0:8@"NSData"16
#1: type               = @0:8@"NSData"16
#2: type               = :8@"NSData"16
#3: type               = @"NSData"16

signature="@"MulleScionObject"40@0:8@"<MulleScionOutput>"16@"NSMutableDictionary"24@"<MulleScionDataSource>"32"
number of types = 6
metaabi param type = struct {...} *
metaabi return type = void *
#0 = @"MulleScionObject"40
#1 = @0
#2 = :8
#3 = @"<MulleScionOutput>"16
#4 = @"NSMutableDictionary"24
#5 = @"<MulleScionDataSource>"32

#0 = @"MulleScionObject"40
#1 = @0
#2 = :8
#3 = @"<MulleScionOutput>"16
#4 = @"NSMutableDictionary"24
#5 = @"<MulleScionDataSource>"32

signature="@"MulleScionObject"40@0:8@"<MulleScionOutput>"16@"NSMutableDictionary"24@"<MulleScionDataSource>"32"
number of types = 6
#0 type                = @"MulleScionObject"40@0:8@"<MulleScionOutput>"16@"NSMutableDictionary"24@"<MulleScionDataSource>"32
#0 pure_type_end       = "MulleScionObject"40@0:8@"<MulleScionOutput>"16@"NSMutableDictionary"24@"<MulleScionDataSource>"32
#0 name                = "MulleScionObject"40@0:8@"<MulleScionOutput>"16@"NSMutableDictionary"24@"<MulleScionDataSource>"32
#0 n_members           = 0
#0 has_object          = 1
#0 has_retainable_type = 1
#1 type                = @0:8@"<MulleScionOutput>"16@"NSMutableDictionary"24@"<MulleScionDataSource>"32
#1 pure_type_end       = 0:8@"<MulleScionOutput>"16@"NSMutableDictionary"24@"<MulleScionDataSource>"32
#1 name                = NULL
#1 n_members           = 0
#1 has_object          = 1
#1 has_retainable_type = 1
#2 type                = :8@"<MulleScionOutput>"16@"NSMutableDictionary"24@"<MulleScionDataSource>"32
#2 pure_type_end       = 8@"<MulleScionOutput>"16@"NSMutableDictionary"24@"<MulleScionDataSource>"32
#2 name                = NULL
#2 n_members           = 0
#2 has_object          = 0
#2 has_retainable_type = 0
#3 type                = @"<MulleScionOutput>"16@"NSMutableDictionary"24@"<MulleScionDataSource>"32
#3 pure_type_end       = "<MulleScionOutput>"16@"NSMutableDictionary"24@"<MulleScionDataSource>"32
#3 name                = "<MulleScionOutput>"16@"NSMutableDictionary"24@"<MulleScionDataSource>"32
#3 n_members           = 0
#3 has_object          = 1
#3 has_retainable_type = 1
#4 type                = @"NSMutableDictionary"24@"<MulleScionDataSource>"32
#4 pure_type_end       = "NSMutableDictionary"24@"<MulleScionDataSource>"32
#4 name                = "NSMutableDictionary"24@"<MulleScionDataSource>"32
#4 n_members           = 0
#4 has_object          = 1
#4 has_retainable_type = 1
#5 type                = @"<MulleScionDataSource>"32
#5 pure_type_end       = "<MulleScionDataSource>"32
#5 name                = "<MulleScionDataSource>"32
#5 n_members           = 0
#5 has_object          = 1
#5 has_retainable_type = 1

#0: type               = @"MulleScionObject"40@0:8@"<MulleScionOutput>"16@"NSMutableDictionary"24@"<MulleScionDataSource>"32
#1: type               = @0:8@"<MulleScionOutput>"16@"NSMutableDictionary"24@"<MulleScionDataSource>"32
#2: type               = :8@"<MulleScionOutput>"16@"NSMutableDictionary"24@"<MulleScionDataSource>"32
#3: type               = @"<MulleScionOutput>"16@"NSMutableDictionary"24@"<MulleScionDataSource>"32
#4: type               = @"NSMutableDictionary"24@"<MulleScionDataSource>"32
#5: type               = @"<MulleScionDataSource>"32

signature="@28@0:8i16@?<v@?>20"
number of types = 5
metaabi param type = struct {...} *
metaabi return type = void *
#0 = @28
#1 = @0
#2 = :8
#3 = i16
#4 = @?<v@?>20

#0 = @28
#1 = @0
#2 = :8
#3 = i16
#4 = @?<v@?>20

signature="@28@0:8i16@?<v@?>20"
number of types = 5
#0 type                = @28@0:8i16@?<v@?>20
#0 pure_type_end       = 28@0:8i16@?<v@?>20
#0 name                = NULL
#0 n_members           = 0
#0 has_object          = 1
#0 has_retainable_type = 1
#1 type                = @0:8i16@?<v@?>20
#1 pure_type_end       = 0:8i16@?<v@?>20
#1 name                = NULL
#1 n_members           = 0
#1 has_object          = 1
#1 has_retainable_type = 1
#2 type                = :8i16@?<v@?>20
#2 pure_type_end       = 8i16@?<v@?>20
#2 name                = NULL
#2 n_members           = 0
#2 has_object          = 0
#2 has_retainable_type = 0
#3 type                = i16@?<v@?>20
#3 pure_type_end       = 16@?<v@?>20
#3 name                = NULL
#3 n_members           = 0
#3 has_object          = 0
#3 has_retainable_type = 0
#4 type                = @?<v@?>20
#4 pure_type_end       = <v@?>20
#4 name                = NULL
#4 n_members           = 0
#4 has_object          = 0
#4 has_retainable_type = 0

#0: type               = @28@0:8i16@?<v@?>20
#1: type               = @0:8i16@?<v@?>20
#2: type               = :8i16@?<v@?>20
#3: type               = i16@?<v@?>20
#4: type               = @?<v@?>20

signature="i28@0:8q16f24"
number of types = 5
metaabi param type = struct {...} *
metaabi return type = void *
#0 = i28
#1 = @0
#2 = :8
#3 = q16
#4 = f24

#0 = i28
#1 = @0
#2 = :8
#3 = q16
#4 = f24

signature="i28@0:8q16f24"
number of types = 5
#0 type                = i28@0:8q16f24
#0 pure_type_end       = 28@0:8q16f24
#0 name                = NULL
#0 n_members           = 0
#0 has_object          = 0
#0 has_retainable_type = 0
#1 type                = @0:8q16f24
#1 pure_type_end       = 0:8q16f24
#1 name                = NULL
#1 n_members           = 0
#1 has_object          = 1
#1 has_retainable_type = 1
#2 type                = :8q16f24
#2 pure_type_end       = 8q16f24
#2 name                = NULL
#2 n_members           = 0
#2 has_object          = 0
#2 has_retainable_type = 0
#3 type                = q16f24
#3 pure_type_end       = 16f24
#3 name                = NULL
#3 n_members           = 0
#3 has_object          = 0
#3 has_retainable_type = 0
#4 type                = f24
#4 pure_type_end       = 24
#4 name                = NULL
#4 n_members           = 0
#4 has_object          = 0
#4 has_retainable_type = 0

#0: type               = i28@0:8q16f24
#1: type               = @0:8q16f24
#2: type               = :8q16f24
#3: type               = q16f24
#4: type               = f24

