type="[3{?=c}]" (size=3, align=1): OK
type="[3{?=cs}]" (size=12, align=2): OK
type="[3{?=ci}]" (size=24, align=4): OK
type="[3{?=cd}]" (size=48, align=8): OK
type="[3{?=cc}]" (size=6, align=1): OK
type="[3{?=sd}]" (size=48, align=8): OK
type="[3{?={?=c}{?=c}}]" (size=6, align=1): OK
type="[3{?=sc}]" (size=12, align=2): OK
type="[3{?=ic}]" (size=24, align=4): OK
type="[3{?=dc}]" (size=48, align=8): OK
type="[3{?=ds}]" (size=48, align=8): OK
type="[3{?={?=cs}{?=ci}{?=sc}{?=ic}}]" (size=72, align=4): OK
