type="{?=c}" (size=1, align=1): OK
type="{?=cs}" (size=4, align=2): OK
type="{?=ci}" (size=8, align=4): OK
type="{?=cd}" (size=16, align=8): OK
type="{?=cc}" (size=2, align=1): OK
type="{?=sd}" (size=16, align=8): OK
type="{?={?=c}{?=c}}" (size=2, align=1): OK
type="{?=sc}" (size=4, align=2): OK
type="{?=ic}" (size=8, align=4): OK
type="{?=dc}" (size=16, align=8): OK
type="{?=ds}" (size=16, align=8): OK
type="{?={?=cs}{?=ci}{?=sc}{?=ic}}" (size=24, align=4): OK
