+alloc
-retain
-release
-release
-finalize
-dealloc
